PS C:\Users\t_sug> cd C:\Users\t_sug\Downloads\terakoya
PS C:\Users\t_sug\Downloads\terakoya> mkdir git_challenge


    ディレクトリ: C:\Users\t_sug\Downloads\terakoya


Mode                 LastWriteTime         Length Name
----                 -------------         ------ ----
d-----     令和 07/07/22     12:33                git_challenge
PS C:\Users\t_sug\Downloads\terakoya> cd git_challenge
PS C:\Users\t_sug\Downloads\terakoya\git_challenge> git init
Initialized empty Git repository in C:/Users/t_sug/Downloads/terakoya/git_challenge/.git/
PS C:\Users\t_sug\Downloads\terakoya\git_challenge> echo "Hello,world!">>hello_world.txt
PS C:\Users\t_sug\Downloads\terakoya\git_challenge> git add hello_world.txt
PS C:\Users\t_sug\Downloads\terakoya\git_challenge> git commit -m "hello_world.txtを追加"
[main (root-commit) 56a22b0] hello_world.txtを追加
 1 file changed, 0 insertions(+), 0 deletions(-)
 create mode 100644 hello_world.txt
PS C:\Users\t_sug\Downloads\terakoya\git_challenge> echo "こんにちは、世界!">>hello_world.txt
PS C:\Users\t_sug\Downloads\terakoya\git_challenge> git add hello_world.txt
PS C:\Users\t_sug\Downloads\terakoya\git_challenge> git commit -m "日本語訳を追記"
[main f947eb0] 日本語訳を追記
 1 file changed, 0 insertions(+), 0 deletions(-)
PS C:\Users\t_sug\Downloads\terakoya\git_challenge> git log --oneline
f947eb0 (HEAD -> main) 日本語訳を追記
56a22b0 hello_world.txtを追加